2026-06-18 12:46:06.576 Uvicorn server started on 0.0.0.0:8501
2026-06-19 14:07:42.167 Uncaught app execution
Traceback (most recent call last):
  File "C:\Users\brian\phishing-investigator\.venv\Lib\site-packages\streamlit\runtime\scriptrunner\exec_code.py", line 129, in exec_func_with_error_handling
    result = func()
  File "C:\Users\brian\phishing-investigator\.venv\Lib\site-packages\streamlit\runtime\scriptrunner\script_runner.py", line 789, in code_to_exec
    exec(code, module.__dict__)  # noqa: S102
    ~~~~^^^^^^^^^^^^^^^^^^^^^^^
  File "C:\Users\brian\phishing-investigator\app\streamlit_app.py", line 65, in <module>
    overall_risk_rating, rule_risk = risk_rating(rules_list,int(ml_result["probability"]))
    ^^^^^^^^^^^^^^^^^^^^^^^^^^^^^^
ValueError: too many values to unpack (expected 2)
2026-06-19 14:08:58.473 Uncaught app execution
Traceback (most recent call last):
  File "C:\Users\brian\phishing-investigator\.venv\Lib\site-packages\streamlit\runtime\scriptrunner\exec_code.py", line 129, in exec_func_with_error_handling
    result = func()
  File "C:\Users\brian\phishing-investigator\.venv\Lib\site-packages\streamlit\runtime\scriptrunner\script_runner.py", line 789, in code_to_exec
    exec(code, module.__dict__)  # noqa: S102
    ~~~~^^^^^^^^^^^^^^^^^^^^^^^
  File "C:\Users\brian\phishing-investigator\app\streamlit_app.py", line 65, in <module>
    (overall_risk_rating, rule_risk) = risk_rating(rules_list,int(ml_result["probability"]))
    ^^^^^^^^^^^^^^^^^^^^^^^^^^^^^^^^
ValueError: too many values to unpack (expected 2)
2026-06-19 14:14:28.661 Uncaught app execution
Traceback (most recent call last):
  File "C:\Users\brian\phishing-investigator\.venv\Lib\site-packages\streamlit\runtime\scriptrunner\exec_code.py", line 129, in exec_func_with_error_handling
    result = func()
  File "C:\Users\brian\phishing-investigator\.venv\Lib\site-packages\streamlit\runtime\scriptrunner\script_runner.py", line 789, in code_to_exec
    exec(code, module.__dict__)  # noqa: S102
    ~~~~^^^^^^^^^^^^^^^^^^^^^^^
  File "C:\Users\brian\phishing-investigator\app\streamlit_app.py", line 66, in <module>
    overall_risk_rating, rule_risk = risk_rating(rules_list, ml_risk)
    ^^^^^^^^^^^^^^^^^^^^^^^^^^^^^^
ValueError: too many values to unpack (expected 2)
